kubernetes client not available — using local simulation mode
Discovered 4 workload type(s):
  - efficient_su2_ansatz_with_random_parameters  (benchmark=vqe_su2, qubits=12)
  - quantum_approximation_optimization_algorithm_qaoa  (benchmark=qaoa, qubits=12)
  - real_amplitudes_ansatz_with_random_parameters  (benchmark=vqe_real_amp, qubits=12)
  - two_local_ansatz_with_random_parameters  (benchmark=vqe_two_local, qubits=12)

Registering workflow images (registry: data/workflow_registry) ...
  ✓ efficient_su2_ansatz_with_random_parameters                  → image_ref=bd985752197e
  ✓ quantum_approximation_optimization_algorithm_qaoa            → image_ref=e2cbd9f606f7
  ✓ real_amplitudes_ansatz_with_random_parameters                → image_ref=1237d5b65c34
  ✓ two_local_ansatz_with_random_parameters                      → image_ref=7bd89b8201cf

Generating 2 manifests ...
  ... 1/2 manifests generated
  ... 2/2 manifests generated

============================================================
Batch generation complete
  Batch ID:    batch_20260714_224754
  Manifests:   2  → /home/reol/Qonductor-SC25/data/batch_results/batch_20260714_224754/manifests
  Schedule:    /home/reol/Qonductor-SC25/data/batch_results/batch_20260714_224754/schedule.csv
  Output dir:  /home/reol/Qonductor-SC25/data/batch_results/batch_20260714_224754
  Seed:        99
============================================================

BATCH_ID=batch_20260714_224754
SCHEDULE_PATH=/home/reol/Qonductor-SC25/data/batch_results/batch_20260714_224754/schedule.csv
MANIFEST_COUNT=2
